[0m12:54:23.684165 [debug] [MainThread]: Sending event: {'category': 'dbt', 'action': 'invocation', 'label': 'start', 'context': [<snowplow_tracker.self_describing_json.SelfDescribingJson object at 0x0000015784CCDA90>, <snowplow_tracker.self_describing_json.SelfDescribingJson object at 0x00000157807C6FD0>, <snowplow_tracker.self_describing_json.SelfDescribingJson object at 0x0000015786E7FED0>]}


============================== 12:54:23.688646 | 7a9a7453-a7e4-48a3-9faf-aaefa3ff824b ==============================
[0m12:54:23.688646 [info ] [MainThread]: Running with dbt=1.11.11
[0m12:54:23.689432 [debug] [MainThread]: running dbt with arguments {'static_parser': 'True', 'no_print': 'None', 'version_check': 'True', 'warn_error_options': 'WarnErrorOptionsV2(error=[], warn=[], silence=[])', 'target_path': 'None', 'printer_width': '80', 'write_json': 'True', 'empty': 'None', 'log_cache_events': 'False', 'introspect': 'True', 'cache_selected_only': 'False', 'log_format': 'default', 'debug': 'False', 'fail_fast': 'False', 'partial_parse': 'True', 'send_anonymous_usage_stats': 'True', 'quiet': 'False', 'warn_error': 'None', 'profiles_dir': 'C:\\Users\\user\\.dbt', 'use_colors': 'True', 'invocation_command': 'dbt init dbt_project', 'indirect_selection': 'eager', 'use_experimental_parser': 'False', 'log_path': 'logs'}
[0m12:54:23.716703 [debug] [MainThread]: Starter project path: C:\Users\user\AppData\Local\Programs\Python\Python313\Lib\site-packages\dbt\include\starter_project
[0m12:54:23.730852 [info ] [MainThread]: 
Your new dbt project "dbt_project" was created!

For more information on how to configure the profiles.yml file,
please consult the dbt documentation here:

  https://docs.getdbt.com/docs/configure-your-profile

One more thing:

Need help? Don't hesitate to reach out to us via GitHub issues or on Slack:

  https://community.getdbt.com/

Happy modeling!

[0m12:54:23.731658 [info ] [MainThread]: Setting up your profile.
[0m12:54:40.986277 [debug] [MainThread]: Command `dbt init` succeeded at 12:54:40.986094 after 17.47 seconds
[0m12:54:40.986696 [debug] [MainThread]: Sending event: {'category': 'dbt', 'action': 'invocation', 'label': 'end', 'context': [<snowplow_tracker.self_describing_json.SelfDescribingJson object at 0x0000015786E9B5C0>, <snowplow_tracker.self_describing_json.SelfDescribingJson object at 0x000001578515AB10>, <snowplow_tracker.self_describing_json.SelfDescribingJson object at 0x0000015786F33AC0>]}
[0m12:54:40.987114 [debug] [MainThread]: Flushing usage events
[0m12:54:42.083066 [debug] [MainThread]: An error was encountered while trying to flush usage events
[0m13:00:47.349833 [debug] [MainThread]: Sending event: {'category': 'dbt', 'action': 'invocation', 'label': 'start', 'context': [<snowplow_tracker.self_describing_json.SelfDescribingJson object at 0x000001C72FBDDA90>, <snowplow_tracker.self_describing_json.SelfDescribingJson object at 0x000001C731E07D90>, <snowplow_tracker.self_describing_json.SelfDescribingJson object at 0x000001C731E07B10>]}


============================== 13:00:47.354061 | 1a0db9d1-bf44-4f12-9333-51340e5bed09 ==============================
[0m13:00:47.354061 [info ] [MainThread]: Running with dbt=1.11.11
[0m13:00:47.354882 [debug] [MainThread]: running dbt with arguments {'version_check': 'True', 'no_print': 'None', 'static_parser': 'True', 'target_path': 'None', 'warn_error_options': 'WarnErrorOptionsV2(error=[], warn=[], silence=[])', 'printer_width': '80', 'write_json': 'True', 'empty': 'None', 'log_cache_events': 'False', 'introspect': 'True', 'cache_selected_only': 'False', 'fail_fast': 'False', 'debug': 'False', 'log_format': 'default', 'partial_parse': 'True', 'send_anonymous_usage_stats': 'True', 'quiet': 'False', 'warn_error': 'None', 'profiles_dir': 'C:\\Users\\user\\.dbt', 'invocation_command': 'dbt seed', 'indirect_selection': 'eager', 'use_colors': 'True', 'use_experimental_parser': 'False', 'log_path': 'logs'}
[0m13:00:47.355437 [error] [MainThread]: Encountered an error:
Runtime Error
  No dbt_project.yml found at expected path E:\Data Science\Technical Folder\Data Engineering\dbt\dbt_project.yml
  Verify that each entry within packages.yml (and their transitive dependencies) contains a file named dbt_project.yml
  
[0m13:00:47.356398 [debug] [MainThread]: Command `dbt seed` failed at 13:00:47.356254 after 0.18 seconds
[0m13:00:47.356830 [debug] [MainThread]: Sending event: {'category': 'dbt', 'action': 'invocation', 'label': 'end', 'context': [<snowplow_tracker.self_describing_json.SelfDescribingJson object at 0x000001C731D9F6F0>, <snowplow_tracker.self_describing_json.SelfDescribingJson object at 0x000001C731DE1EB0>, <snowplow_tracker.self_describing_json.SelfDescribingJson object at 0x000001C731DD9BF0>]}
[0m13:00:47.357256 [debug] [MainThread]: Flushing usage events
[0m13:00:48.374184 [debug] [MainThread]: An error was encountered while trying to flush usage events
[0m13:20:03.226651 [debug] [MainThread]: Sending event: {'category': 'dbt', 'action': 'invocation', 'label': 'start', 'context': [<snowplow_tracker.self_describing_json.SelfDescribingJson object at 0x00000131122D1A90>, <snowplow_tracker.self_describing_json.SelfDescribingJson object at 0x0000013114507D90>, <snowplow_tracker.self_describing_json.SelfDescribingJson object at 0x0000013114507B10>]}


============================== 13:20:03.230429 | 3a3e95ba-1b90-4fa9-91df-fc026c2081b0 ==============================
[0m13:20:03.230429 [info ] [MainThread]: Running with dbt=1.11.11
[0m13:20:03.231054 [debug] [MainThread]: running dbt with arguments {'static_parser': 'True', 'no_print': 'None', 'version_check': 'True', 'target_path': 'None', 'warn_error_options': 'WarnErrorOptionsV2(error=[], warn=[], silence=[])', 'printer_width': '80', 'write_json': 'True', 'empty': 'False', 'log_cache_events': 'False', 'introspect': 'True', 'cache_selected_only': 'False', 'log_format': 'default', 'debug': 'False', 'fail_fast': 'False', 'profiles_dir': 'C:\\Users\\user\\.dbt', 'send_anonymous_usage_stats': 'True', 'quiet': 'False', 'warn_error': 'None', 'partial_parse': 'True', 'invocation_command': 'dbt run', 'use_colors': 'True', 'indirect_selection': 'eager', 'use_experimental_parser': 'False', 'log_path': 'logs'}
[0m13:20:03.231509 [error] [MainThread]: Encountered an error:
Runtime Error
  No dbt_project.yml found at expected path E:\Data Science\Technical Folder\Data Engineering\dbt\dbt_project.yml
  Verify that each entry within packages.yml (and their transitive dependencies) contains a file named dbt_project.yml
  
[0m13:20:03.232234 [debug] [MainThread]: Command `dbt run` failed at 13:20:03.232119 after 0.16 seconds
[0m13:20:03.232578 [debug] [MainThread]: Sending event: {'category': 'dbt', 'action': 'invocation', 'label': 'end', 'context': [<snowplow_tracker.self_describing_json.SelfDescribingJson object at 0x00000131144936F0>, <snowplow_tracker.self_describing_json.SelfDescribingJson object at 0x00000131144D1EB0>, <snowplow_tracker.self_describing_json.SelfDescribingJson object at 0x00000131144CDBF0>]}
[0m13:20:03.232937 [debug] [MainThread]: Flushing usage events
[0m13:20:05.691965 [debug] [MainThread]: An error was encountered while trying to flush usage events
